// Jest Snapshot v1, https://goo.gl/fbAQLP

exports[`<UpdatesDropdown/> Loading (spinner visible) 1`] = `
<div>
  <button
    class="nav-item btn btn-link"
    type="button"
  >
    <div
      class="spinner-border spinner-border-sm"
      role="status"
    >
      <span
        class="sr-only"
      />
    </div>
  </button>
</div>
`;

exports[`<UpdatesDropdown/> Updates awaiting - snapshot 1`] = `
<div>
  <div
    class="dropdown"
    data-testid="updates-dropdown"
  >
    <button
      aria-expanded="false"
      class="nav-item btn btn-link text-body"
      data-bs-toggle="dropdown"
      type="button"
    >
      <i
        class="fa fa-sync-alt fa-lg"
      />
    </button>
    <ul
      class="dropdown-menu dropdown-menu- shadow-sm"
    >
      <div
        class="dropdown-header"
      >
        <a
          class="text-decoration-none"
          href="/package-management/updates"
        >
          <h5
            class="mb-0 text-body"
          >
            Approve Update
          </h5>
        </a>
      </div>
      <div
        class="dropdown-divider"
      />
      <div
        class="px-3"
      >
        <p
          class="text-center text-nowrap mb-2"
        >
          See details in 
          <a
            href="/package-management/updates"
          >
            Updates
          </a>
           page.
        </p>
        <button
          class="btn btn-primary w-100 d-inline-flex justify-content-center align-items-center"
          type="button"
        >
          <span>
            Install now
          </span>
        </button>
      </div>
    </ul>
  </div>
</div>
`;
