// Jest Snapshot v1, https://goo.gl/fbAQLP

exports[`<Packages/> Should render: updates disabled. 1`] = `
"Snapshot Diff:
- First value
+ Second value

@@ -7,10 +7,27 @@
    </p>
    <div
      class=\\"card p-4 col-sm-12 col-lg-12 p-0 mb-4\\"
    >
      <form>
+       <div
+         class=\\"alert alert-warning alert-fade-in\\"
+         role=\\"alert\\"
+       >
+         <span>
+           Please enable 
+           <a
+             href=\\"/reforis/package-management/update-settings\\"
+           >
+             automatic updates
+           </a>
+            to manage packages and languages.
+         </span>
+       </div>
+       <div
+         class=\\"text-muted\\"
+       >
          <h2>
            Languages List
          </h2>
          <div
            class=\\"container-fluid mb-3\\"
@@ -25,10 +42,11 @@
                  class=\\"mb-3 form-check\\"
                >
                  <input
                    checked=\\"\\"
                    class=\\"form-check-input\\"
+                   disabled=\\"\\"
                    id=\\"1\\"
                    type=\\"checkbox\\"
                  />
                  <label
                    class=\\"form-check-label\\"
@@ -44,10 +62,11 @@
                <div
                  class=\\"mb-3 form-check\\"
                >
                  <input
                    class=\\"form-check-input\\"
+                   disabled=\\"\\"
                    id=\\"2\\"
                    type=\\"checkbox\\"
                  />
                  <label
                    class=\\"form-check-label\\"
@@ -63,10 +82,11 @@
                <div
                  class=\\"mb-3 form-check\\"
                >
                  <input
                    class=\\"form-check-input\\"
+                   disabled=\\"\\"
                    id=\\"3\\"
                    type=\\"checkbox\\"
                  />
                  <label
                    class=\\"form-check-label\\"
@@ -82,10 +102,11 @@
                <div
                  class=\\"mb-3 form-check\\"
                >
                  <input
                    class=\\"form-check-input\\"
+                   disabled=\\"\\"
                    id=\\"4\\"
                    type=\\"checkbox\\"
                  />
                  <label
                    class=\\"form-check-label\\"
@@ -101,10 +122,11 @@
                <div
                  class=\\"mb-3 form-check\\"
                >
                  <input
                    class=\\"form-check-input\\"
+                   disabled=\\"\\"
                    id=\\"5\\"
                    type=\\"checkbox\\"
                  />
                  <label
                    class=\\"form-check-label\\"
@@ -120,10 +142,11 @@
                <div
                  class=\\"mb-3 form-check\\"
                >
                  <input
                    class=\\"form-check-input\\"
+                   disabled=\\"\\"
                    id=\\"6\\"
                    type=\\"checkbox\\"
                  />
                  <label
                    class=\\"form-check-label\\"
@@ -139,10 +162,11 @@
                <div
                  class=\\"mb-3 form-check\\"
                >
                  <input
                    class=\\"form-check-input\\"
+                   disabled=\\"\\"
                    id=\\"7\\"
                    type=\\"checkbox\\"
                  />
                  <label
                    class=\\"form-check-label\\"
@@ -158,10 +182,11 @@
                <div
                  class=\\"mb-3 form-check\\"
                >
                  <input
                    class=\\"form-check-input\\"
+                   disabled=\\"\\"
                    id=\\"8\\"
                    type=\\"checkbox\\"
                  />
                  <label
                    class=\\"form-check-label\\"
@@ -177,10 +202,11 @@
                <div
                  class=\\"mb-3 form-check\\"
                >
                  <input
                    class=\\"form-check-input\\"
+                   disabled=\\"\\"
                    id=\\"9\\"
                    type=\\"checkbox\\"
                  />
                  <label
                    class=\\"form-check-label\\"
@@ -196,10 +222,11 @@
                <div
                  class=\\"mb-3 form-check\\"
                >
                  <input
                    class=\\"form-check-input\\"
+                   disabled=\\"\\"
                    id=\\"10\\"
                    type=\\"checkbox\\"
                  />
                  <label
                    class=\\"form-check-label\\"
@@ -215,10 +242,11 @@
                <div
                  class=\\"mb-3 form-check\\"
                >
                  <input
                    class=\\"form-check-input\\"
+                   disabled=\\"\\"
                    id=\\"11\\"
                    type=\\"checkbox\\"
                  />
                  <label
                    class=\\"form-check-label\\"
@@ -228,15 +256,17 @@
                  </label>
                </div>
              </div>
            </div>
          </div>
+       </div>
        <div
          class=\\"text-end\\"
        >
          <button
            class=\\"btn btn-primary col-12 col-md-3 col-lg-2 d-inline-flex justify-content-center align-items-center\\"
+           disabled=\\"\\"
            type=\\"submit\\"
          >
            <span>
              Save
            </span>"
`;

exports[`<Packages/> Should render: updates enabled. 1`] = `
<DocumentFragment>
  <h1>
    Languages
  </h1>
  <p>
    If you want to use another language other than English, you can select it from the following list:
  </p>
  <div
    class="card p-4 col-sm-12 col-lg-12 p-0 mb-4"
  >
    <form>
      <h2>
        Languages List
      </h2>
      <div
        class="container-fluid mb-3"
      >
        <div
          class="row justify-content-start"
        >
          <div
            class="col-2 col-lg-1 me-4"
          >
            <div
              class="mb-3 form-check"
            >
              <input
                checked=""
                class="form-check-input"
                id="1"
                type="checkbox"
              />
              <label
                class="form-check-label"
                for="1"
              >
                CS
              </label>
            </div>
          </div>
          <div
            class="col-2 col-lg-1 me-4"
          >
            <div
              class="mb-3 form-check"
            >
              <input
                class="form-check-input"
                id="2"
                type="checkbox"
              />
              <label
                class="form-check-label"
                for="2"
              >
                DA
              </label>
            </div>
          </div>
          <div
            class="col-2 col-lg-1 me-4"
          >
            <div
              class="mb-3 form-check"
            >
              <input
                class="form-check-input"
                id="3"
                type="checkbox"
              />
              <label
                class="form-check-label"
                for="3"
              >
                DE
              </label>
            </div>
          </div>
          <div
            class="col-2 col-lg-1 me-4"
          >
            <div
              class="mb-3 form-check"
            >
              <input
                class="form-check-input"
                id="4"
                type="checkbox"
              />
              <label
                class="form-check-label"
                for="4"
              >
                FR
              </label>
            </div>
          </div>
          <div
            class="col-2 col-lg-1 me-4"
          >
            <div
              class="mb-3 form-check"
            >
              <input
                class="form-check-input"
                id="5"
                type="checkbox"
              />
              <label
                class="form-check-label"
                for="5"
              >
                LT
              </label>
            </div>
          </div>
          <div
            class="col-2 col-lg-1 me-4"
          >
            <div
              class="mb-3 form-check"
            >
              <input
                class="form-check-input"
                id="6"
                type="checkbox"
              />
              <label
                class="form-check-label"
                for="6"
              >
                PL
              </label>
            </div>
          </div>
          <div
            class="col-2 col-lg-1 me-4"
          >
            <div
              class="mb-3 form-check"
            >
              <input
                class="form-check-input"
                id="7"
                type="checkbox"
              />
              <label
                class="form-check-label"
                for="7"
              >
                RU
              </label>
            </div>
          </div>
          <div
            class="col-2 col-lg-1 me-4"
          >
            <div
              class="mb-3 form-check"
            >
              <input
                class="form-check-input"
                id="8"
                type="checkbox"
              />
              <label
                class="form-check-label"
                for="8"
              >
                SK
              </label>
            </div>
          </div>
          <div
            class="col-2 col-lg-1 me-4"
          >
            <div
              class="mb-3 form-check"
            >
              <input
                class="form-check-input"
                id="9"
                type="checkbox"
              />
              <label
                class="form-check-label"
                for="9"
              >
                HU
              </label>
            </div>
          </div>
          <div
            class="col-2 col-lg-1 me-4"
          >
            <div
              class="mb-3 form-check"
            >
              <input
                class="form-check-input"
                id="10"
                type="checkbox"
              />
              <label
                class="form-check-label"
                for="10"
              >
                IT
              </label>
            </div>
          </div>
          <div
            class="col-2 col-lg-1 me-4"
          >
            <div
              class="mb-3 form-check"
            >
              <input
                class="form-check-input"
                id="11"
                type="checkbox"
              />
              <label
                class="form-check-label"
                for="11"
              >
                NB
              </label>
            </div>
          </div>
        </div>
      </div>
      <div
        class="text-end"
      >
        <button
          class="btn btn-primary col-12 col-md-3 col-lg-2 d-inline-flex justify-content-center align-items-center"
          type="submit"
        >
          <span>
            Save
          </span>
        </button>
      </div>
    </form>
  </div>
</DocumentFragment>
`;
