// Jest Snapshot v1, https://goo.gl/fbAQLP

exports[`<DHCP6Clients/> Test with snapshot. 1`] = `
<div>
  <div
    class="card p-4 col-sm-12 col-lg-12 p-0 mb-4"
  >
    <h2>
      IPv6 DHCP Client List
    </h2>
    <p>
      This list contains all devices that are connected to the network through wired or wireless connections using IPv6.
    </p>
    <div
      class="table-responsive"
    >
      <table
        class="table table-hover text-nowrap"
      >
        <thead
          class="thead-light"
        >
          <tr
            role="row"
          >
            <th
              colspan="1"
            >
              <button
                class="btn btn-link text-decoration-none text-reset fw-bold p-0 d-flex align-items-center
                                                    d-flex align-items-center
                                                "
                title="Sort ascending"
                type="button"
              >
                Hostname
              </button>
            </th>
            <th
              colspan="1"
            >
              <button
                class="btn btn-link text-decoration-none text-reset fw-bold p-0 d-flex align-items-center
                                                    d-flex align-items-center
                                                "
                title="Sort ascending"
                type="button"
              >
                IPv6 Address
              </button>
            </th>
            <th
              colspan="1"
            >
              <button
                class="btn btn-link text-decoration-none text-reset fw-bold p-0 d-flex align-items-center
                                                    d-flex align-items-center
                                                "
                title="Sort ascending"
                type="button"
              >
                DUID
              </button>
            </th>
            <th
              colspan="1"
            >
              <button
                class="btn btn-link text-decoration-none text-reset fw-bold p-0 d-flex align-items-center
                                                    d-flex align-items-center
                                                "
                title="Sort ascending"
                type="button"
              >
                Expires
              </button>
            </th>
            <th
              class="d-flex justify-content-center"
              colspan="1"
            >
              <button
                class="btn btn-link text-decoration-none text-reset fw-bold p-0 d-flex align-items-center
                                                    d-flex align-items-center
                                                "
                title="Sort descending"
                type="button"
              >
                Active
              </button>
            </th>
          </tr>
        </thead>
        <tbody>
          <tr
            class="align-middle"
          >
            <td>
              first
            </td>
            <td>
              2002:1487:fede:6110
            </td>
            <td>
              00049367d8183c4e45a4b834f5a92f95d3b9
            </td>
            <td>
              2018-10-12 13:16
            </td>
            <td
              class="text-center"
            >
              <i
                class="fa"
              />
            </td>
          </tr>
          <tr
            class="align-middle"
          >
            <td>
              second
            </td>
            <td>
              2002:1487:fefd:6130
            </td>
            <td>
              00049367d8183c4c43a4b834f5a92f95d3b9
            </td>
            <td>
              2018-10-14 20:49
            </td>
            <td
              class="text-center"
            >
              <i
                class="fa"
              />
            </td>
          </tr>
        </tbody>
      </table>
      <nav
        aria-label="Pagination navigation bar"
        class="d-flex gap-2 justify-content-start align-items-center mx-2 mb-1 text-nowrap"
      >
        <ul
          class="pagination pagination-sm mb-0"
        >
          <li
            class="page-item disabled"
            style="cursor: not-allowed;"
          >
            <button
              aria-label="First page"
              class="page-link"
              disabled=""
              type="button"
            >
              <i
                class="fa"
              />
            </button>
          </li>
          <li
            class="page-item disabled"
            style="cursor: not-allowed;"
          >
            <button
              aria-label="Previous page"
              class="page-link"
              disabled=""
              type="button"
            >
              <i
                class="fa"
              />
            </button>
          </li>
          <li
            class="page-item disabled"
            style="cursor: not-allowed;"
          >
            <button
              aria-label="Next page"
              class="page-link"
              disabled=""
              type="button"
            >
              <i
                class="fa"
              />
            </button>
          </li>
          <li
            class="page-item disabled"
            style="cursor: not-allowed;"
          >
            <button
              aria-label="Last page"
              class="page-link"
              disabled=""
              type="button"
            >
              <i
                class="fa"
              />
            </button>
          </li>
        </ul>
        <span>
          Page
           
          <span
            class="fw-bold"
          >
            1
             
            of
             
            1
          </span>
        </span>
        <div
          class="vr mx-1 align-self-center"
          style="height: 1.5rem;"
        />
        <span>
          Rows per page:
        </span>
        <select
          aria-label="Select rows per page"
          class="form-select form-select-sm w-auto"
        >
          <option
            value="5"
          >
            5
          </option>
          <option
            value="10"
          >
            10
          </option>
          <option
            value="25"
          >
            25
          </option>
          <option
            value="2"
          >
            All
          </option>
        </select>
      </nav>
    </div>
  </div>
</div>
`;
