// Jest Snapshot v1, https://goo.gl/fbAQLP

exports[`<DHCP6Clients/> Test with snapshot. 1`] = `
<div>
  <div
    class="card p-4 col-sm-12 col-lg-12 p-0 mb-4"
  >
    <h2>
      IPv6 DHCP Client List
    </h2>
    <p>
      This list contains all devices that are connected to the network through wired or wireless connections using IPv6.
    </p>
    <div
      class="table-responsive"
    >
      <table
        class="table table-hover text-nowrap"
      >
        <thead
          class="thead-light"
        >
          <tr
            role="row"
          >
            <th
              colspan="1"
            >
              <button
                class="btn btn-link text-decoration-none text-reset fw-bold p-0 d-flex align-items-center
                                                    d-flex align-items-center
                                                "
                title="Sort ascending"
                type="button"
              >
                Hostname
              </button>
            </th>
            <th
              colspan="1"
            >
              <button
                class="btn btn-link text-decoration-none text-reset fw-bold p-0 d-flex align-items-center
                                                    d-flex align-items-center
                                                "
                title="Sort ascending"
                type="button"
              >
                IPv6 Address
              </button>
            </th>
            <th
              colspan="1"
            >
              <button
                class="btn btn-link text-decoration-none text-reset fw-bold p-0 d-flex align-items-center
                                                    d-flex align-items-center
                                                "
                title="Sort ascending"
                type="button"
              >
                DUID
              </button>
            </th>
            <th
              colspan="1"
            >
              <button
                class="btn btn-link text-decoration-none text-reset fw-bold p-0 d-flex align-items-center
                                                    d-flex align-items-center
                                                "
                title="Sort ascending"
                type="button"
              >
                Expires
              </button>
            </th>
            <th
              class="d-flex justify-content-center"
              colspan="1"
            >
              <button
                class="btn btn-link text-decoration-none text-reset fw-bold p-0 d-flex align-items-center
                                                    d-flex align-items-center
                                                "
                title="Sort descending"
                type="button"
              >
                Active
              </button>
            </th>
          </tr>
        </thead>
        <tbody>
          <tr
            class="align-middle"
          >
            <td>
              first
            </td>
            <td>
              2002:1487:fede:6110
            </td>
            <td>
              00049367d8183c4e45a4b834f5a92f95d3b9
            </td>
            <td>
              10/12/2018 1:16 PM
            </td>
            <td
              class="text-center"
            >
              <i
                class="fa"
              />
            </td>
          </tr>
          <tr
            class="align-middle"
          >
            <td>
              second
            </td>
            <td>
              2002:1487:fefd:6130
            </td>
            <td>
              00049367d8183c4c43a4b834f5a92f95d3b9
            </td>
            <td>
              10/14/2018 8:49 PM
            </td>
            <td
              class="text-center"
            >
              <i
                class="fa"
              />
            </td>
          </tr>
        </tbody>
      </table>
    </div>
  </div>
</div>
`;
