// Jest Snapshot v1, https://goo.gl/fbAQLP

exports[`<UpdateChecker/> should match snapshot 1`] = `
<div>
  <div
    class="text-end"
  >
    <button
      class="btn btn-primary col-12 col-md-3 col-lg-2 d-inline-flex justify-content-center align-items-center"
      type="button"
    >
      <span>
        Check updates
      </span>
    </button>
  </div>
</div>
`;
