// Jest Snapshot v1, https://goo.gl/fbAQLP

exports[`<Guide/>  Snapshot. Just check if render correct page. 1`] = `
<div>
  <div
    class="d-flex flex-column flex-md-row justify-content-center p-3 text-primary-emphasis bg-primary-subtle border border-primary-subtle rounded-3 mb-4"
  >
    <div
      class="flex-fill d-flex flex-column justify-content-center align-items-sm-center text-center mb-2 mb-sm-0 me-0 me-sm-3"
    >
      <p
        class="mb-0"
      >
        Here you need to decide which interfaces belong to which network.
      </p>
      <p
        class="mb-2"
      >
        If you are in doubt use the current settings.
      </p>
    </div>
    <div
      class="d-flex justify-content-center align-items-center"
    >
      <div
        class="dropdown"
      >
        <button
          aria-expanded="false"
          class="nav-item btn btn-secondary me-2 fw-bold text-decoration-none"
          data-bs-toggle="dropdown"
          type="button"
        >
          EN
        </button>
        <ul
          class="dropdown-menu dropdown-menu-end shadow-sm"
          id="languages-dropdown-menu"
        >
          <div
            class="dropdown-header"
          >
            <a
              class="text-decoration-none"
              href="/reforis/guide/package-management/languages"
            >
              <h5
                class="mb-0 text-body"
              >
                Languages
              </h5>
            </a>
          </div>
          <div
            class="dropdown-divider"
          />
          <li>
            <button
              class="dropdown-item d-flex align-items-center active fw-bold"
              type="button"
            >
              EN
              <i
                class="fa"
              />
            </button>
          </li>
          <li>
            <button
              class="dropdown-item d-flex align-items-center"
              type="button"
            >
              CS
            </button>
          </li>
          <li>
            <button
              class="dropdown-item d-flex align-items-center"
              type="button"
            >
              RU
            </button>
          </li>
        </ul>
      </div>
      <div
        class="dropdown"
      >
        <button
          aria-expanded="false"
          class="nav-item btn btn-secondary me-2 fw-bold text-decoration-none"
          data-bs-toggle="dropdown"
          type="button"
        >
          <i
            class="fa"
          />
        </button>
        <ul
          class="dropdown-menu dropdown-menu-end shadow-sm"
          id="darkmode-dropdown-menu"
        >
          <div
            class="dropdown-header"
          >
            <h5
              class="mb-0 text-body"
            >
              Theme
            </h5>
          </div>
          <div
            class="dropdown-divider"
          />
          <li>
            <button
              class="dropdown-item d-flex align-items-center"
              type="button"
            >
              <i
                class="fa"
              />
              Light
            </button>
          </li>
          <li>
            <button
              class="dropdown-item d-flex align-items-center"
              type="button"
            >
              <i
                class="fa"
              />
              Dark
            </button>
          </li>
          <li>
            <button
              class="dropdown-item d-flex align-items-center active fw-bold"
              type="button"
            >
              <i
                class="fa"
              />
              Auto
              <i
                class="fa"
              />
            </button>
          </li>
        </ul>
      </div>
      <button
        class="btn btn-secondary me-2 align-self-stretch align-self-sm-center d-inline-flex justify-content-center align-items-center"
        style="pointer-events: not-allowed;"
        type="button"
      >
        <span>
          <span
            class="d-flex flex-nowrap justify-content-center align-items-center align-self-stretch align-self-sm-center"
          >
            <span
              class="d-none d-sm-inline-block text-nowrap me-1"
            >
              Skip
            </span>
            <i
              class="fa"
            />
          </span>
        </span>
      </button>
      <a
        class="btn btn-success d-flex justify-content-center align-items-center align-self-stretch align-self-sm-center disabled"
        disabled=""
        href="/reforis/guide/networks"
      >
        <span
          class="d-none d-sm-inline-block text-nowrap me-1"
        >
          Next step
        </span>
        <i
          class="fa"
        />
      </a>
    </div>
  </div>
  <h1>
    Network Interfaces
  </h1>
  <p>
    Here you can configure the settings of the network interfaces on your device. You can switch the physical network interfaces among networks. If you are unsure what to set here, use the default settings.
  </p>
  <div
    class="card p-4 col-sm-12 col-lg-12 p-0 mb-4"
  >
    <form>
      <h2>
        WAN
      </h2>
      <p>
        It acts as an external network connection. Firewall rules should be applied here. It can only contain a single interface.
      </p>
      <div
        class="network mb-3"
      >
        <div
          class="scrollable"
        >
          <button
            class="text-body interface"
            type="button"
          >
            <span
              class="fa-stack fa-2x"
            >
              <i
                class="fa"
              />
              <i
                class="fa"
              />
            </span>
            <h5
              class="mb-0"
            >
              WAN
            </h5>
          </button>
        </div>
      </div>
      <h2>
        LAN
      </h2>
      <p>
        It acts as a local network connection. LAN should contain devices that are under your control, and you trust them. These devices can see each other and can access this web interface. It is recommended that the LAN should contain at least one interface. Otherwise, you might not be able to configure this device easily.
      </p>
      <div
        class="network mb-3"
      >
        <div
          class="scrollable"
        >
          <button
            class="text-body interface"
            type="button"
          >
            <span
              class="fa-stack fa-2x"
            >
              <i
                class="fa"
              />
              <i
                class="fa"
              />
            </span>
            <h5
              class="mb-0"
            >
              LAN3
            </h5>
          </button>
        </div>
      </div>
      <h2>
        Guest Network
      </h2>
      <p>
        It acts as a local network connection. Unlike LAN, the devices in the guest network can't access the configuration interface of this device and only can access WAN (internet). This network should be used for devices that you don't fully trust. Note that you can also limit the download/upload speed of the devices connected to the guest network.
      </p>
      <div
        class="network mb-3"
      >
        <div
          class="scrollable"
        >
          <button
            class="text-body interface"
            type="button"
          >
            <span
              class="fa-stack fa-2x"
            >
              <i
                class="fa"
              />
              <i
                class="fa"
              />
            </span>
            <h5
              class="mb-0"
            >
              LAN1
            </h5>
          </button>
          <button
            class="text-body interface"
            type="button"
          >
            <span
              class="fa-stack fa-2x"
            >
              <i
                class="fa"
              />
              <i
                class="fa"
              />
            </span>
            <h5
              class="mb-0"
            >
              LAN4
            </h5>
          </button>
        </div>
      </div>
      <h2>
        Unassigned
      </h2>
      <div
        class="network mb-3"
      >
        <div
          class="scrollable"
        >
          <button
            class="text-body interface"
            type="button"
          >
            <span
              class="fa-stack fa-2x"
            >
              <i
                class="fa"
              />
              <i
                class="fa"
              />
            </span>
            <h5
              class="mb-0"
            >
              LAN0
            </h5>
          </button>
          <button
            class="text-body interface"
            type="button"
          >
            <span
              class="fa-stack fa-2x"
            >
              <i
                class="fa"
              />
              <i
                class="fa"
              />
            </span>
            <h5
              class="mb-0"
            >
              LAN2
            </h5>
          </button>
          <button
            class="text-body interface"
            type="button"
          >
            <span
              class="fa-stack fa-2x"
            >
              <i
                class="fa"
              />
              <i
                class="fa"
              />
            </span>
            <h5
              class="mb-0"
            >
              1
            </h5>
          </button>
          <button
            class="text-body interface"
            type="button"
          >
            <span
              class="fa-stack fa-2x"
            >
              <i
                class="fa"
              />
              <i
                class="fa"
              />
            </span>
            <h5
              class="mb-0"
            >
              WAN
            </h5>
            <span
              class="badge text-bg-info ml-0"
              title="VLAN ID: 1"
            >
              VLAN: 1
            </span>
          </button>
        </div>
      </div>
      <div
        class="text-end"
      >
        <button
          class="btn btn-primary col-12 col-md-3 col-lg-2 d-inline-flex justify-content-center align-items-center"
          type="submit"
        >
          <span>
            Save
          </span>
        </button>
      </div>
    </form>
  </div>
</div>
`;
